{
  "latest": {
    "created": "1970-01-01T00:00:00.000Z",
    "digest": "41cf6794ba4200b839c53531555f0f3998df4cbb01a4d5cb0b94e3ca5e23947d"
  }
}
