a;back
a;ban;don
a;ban;don;ment
a;ban;don;ed
a;bat;ed
a;bate
a;ba;te;ment
a;bet
a;bio;tic
a;bid;ing
a;bide
a;bi;lity
ab;la;ze
a;ble
ab;ly
a;board
a;bode
a;bo;lish
a;bomina;ble
a;bo;mi;na;tion
a;bor;ti;on
a;bort
a;bo;und
a;bout
a;bove
a;bra;sion
a;bra;sive
a;breast
a;bridg;ed
a;broad
a;bu;sive
a;bun;dan;ce
a;bun;dant
a;bun;dant;ly
a;bu;ser
a;bus;ing
a;buse
a;bus;ed
a;butt;ing
a;by
a;bys;mal
a;byss
a;ca;cia
a;ca;demy
a;ce;tic
a;cet;y;lene
a;chiev;a;ble
a;chiev;er
a;chiev;ing
a;chieve
a;chieve;ment
a;chieved
a;cid;i;ty
a;cid;ic
a;corn
a;cous;ti;cal
a;cous;tic
a;cous;tics
a;cre
a;cre;age
a;crop;o;lis
a;cross
a;cryl;ic
a;cu;i;ty
a;cute
a;cute;ly
a;cy;clic
a;da;gio
a;dap;tive
a;dap;tor
a;dapt
a;dapt;a;bil;i;ty
a;dapt;a;ble
a;dapt;er
a;den;o;sine
a;dieu
a;do
a;do;be
a;dop;tion
a;dop;tive
a;dopt
a;dopt;ed
a;dop;ter
a;dor;a;ble
a;dore
a;dored
a;dorn
a;dren;a;line
a;drift
a;dul;ter;y
a;dult
a;dult;hood
a;far
a;fi;cio;na;do
a;field
a;float
a;foot
a;fore;mentioned
a;fore;said
